node.exe : [2m[WebServer] [22mNextAuth Warning: DEBUG_ENABLED
At line:1 char:1
+ & "C:\Program Files\nodejs/node.exe" "C:\Program Files\nodejs/node_mo ...
+ ~~~~~~~~~~~~~~~~~~~~~~~~~~~~~~~~~~~~~~~~~~~~~~~~~~~~~~~~~~~~~~~~~~~~~
    + CategoryInfo          : NotSpecified: ([2m[WebServer]...: DEBUG_ENABLED:String) [], RemoteException
    + FullyQualifiedErrorId : NativeCommandError
 
[dotenv@17.3.1] injecting env (0) from .env -- tip: ≡ƒñû agentic secret storage: https://dotenvx.com/as2
[E2E Setup] Starting global setup...
[E2E Setup] Pre-cleaning orphaned E2E data...
[E2E Setup] Γ£à Pre-clean done.
[E2E Setup] Γ£à Admin + Staff sessions seeded.

Running 74 tests using 3 workers

  Γ£ô   2 [unauthenticated] ΓÇ║ tests\e2e\admin.spec.ts:12:7 ΓÇ║ Admin Panel (access control) ΓÇ║ unauthenticated access to /admin is blocked (2.3s)
  Γ£ô   1 [unauthenticated] ΓÇ║ tests\e2e\admin.spec.ts:29:7 ΓÇ║ Admin Panel (access control) ΓÇ║ unauthenticated access to /admin/employees is blocked (2.3s)
  Γ£ô   3 [unauthenticated] ΓÇ║ tests\e2e\admin.spec.ts:22:7 ΓÇ║ Admin Panel (access control) ΓÇ║ unauthenticated access to /admin/payroll is blocked (2.8s)
  Γ£ô   6 [unauthenticated] ΓÇ║ tests\e2e\auth.spec.ts:4:7 ΓÇ║ Authentication Flow ΓÇ║ unauthenticated user visiting / is redirected to /login (761ms)
  Γ£ô   5 [unauthenticated] ΓÇ║ tests\e2e\admin.spec.ts:43:7 ΓÇ║ Admin Panel (access control) ΓÇ║ unauthenticated access to /admin/requests is blocked (1.5s)
  Γ£ô   7 [unauthenticated] ΓÇ║ tests\e2e\auth.spec.ts:16:7 ΓÇ║ Authentication Flow ΓÇ║ login page renders sign-in form / provider button (578ms)
  Γ£ô   8 [unauthenticated] ΓÇ║ tests\e2e\auth.spec.ts:39:7 ΓÇ║ Authentication Flow ΓÇ║ login page has correct title or heading (455ms)
  Γ£ô   9 [unauthenticated] ΓÇ║ tests\e2e\checkin.spec.ts:8:7 ΓÇ║ Check-in Page (unauthenticated) ΓÇ║ root / redirects to login when not authenticated (663ms)
  Γ£ô   4 [unauthenticated] ΓÇ║ tests\e2e\admin.spec.ts:36:7 ΓÇ║ Admin Panel (access control) ΓÇ║ unauthenticated access to /admin/schedule is blocked (2.8s)
  Γ£ô  10 [unauthenticated] ΓÇ║ tests\e2e\checkin.spec.ts:18:7 ΓÇ║ History Page ΓÇ║ history page redirects to login when unauthenticated (1.5s)
  Γ£ô  12 [unauthenticated] ΓÇ║ tests\e2e\checkin.spec.ts:38:7 ΓÇ║ Requests Page ΓÇ║ requests page redirects to login when unauthenticated (1.6s)
  Γ£ô  11 [unauthenticated] ΓÇ║ tests\e2e\checkin.spec.ts:28:7 ΓÇ║ Schedule Page ΓÇ║ schedule page redirects to login when unauthenticated (1.8s)
No announcements to toggle, skipping
  Γ£ô  13 [admin-auth] ΓÇ║ tests\e2e\admin-announcements.spec.ts:29:7 ΓÇ║ Admin Announcements (CRUD) ΓÇ║ renders announcement page with '─É─âng th├┤ng b├ío mß╗¢i' button (2.3s)
  Γ£ô  15 [admin-auth] ΓÇ║ tests\e2e\admin-announcements.spec.ts:61:7 ΓÇ║ Admin Announcements (CRUD) ΓÇ║ TOGGLE: can toggle announcement active/inactive (1.7s)
  Γ£ô  14 [admin-auth] ΓÇ║ tests\e2e\admin-announcements.spec.ts:35:7 ΓÇ║ Admin Announcements (CRUD) ΓÇ║ CREATE: opens modal and creates a new announcement (3.1s)
  Γ£ô  17 [admin-auth] ΓÇ║ tests\e2e\admin-dashboard.spec.ts:16:7 ΓÇ║ Admin Dashboard ΓÇ║ shows stat card: current month salary (1.3s)
  Γ£ô  16 [admin-auth] ΓÇ║ tests\e2e\admin-dashboard.spec.ts:10:7 ΓÇ║ Admin Dashboard ΓÇ║ loads dashboard with heading 'Dashboard' (1.8s)
  Γ£ô  18 [admin-auth] ΓÇ║ tests\e2e\admin-dashboard.spec.ts:20:7 ΓÇ║ Admin Dashboard ΓÇ║ shows stat card: pending requests (1.4s)
  Γ£ô  20 [admin-auth] ΓÇ║ tests\e2e\admin-dashboard.spec.ts:30:7 ΓÇ║ Admin Dashboard ΓÇ║ shows check-in activity section (1.3s)
  Γ£ô  19 [admin-auth] ΓÇ║ tests\e2e\admin-dashboard.spec.ts:24:7 ΓÇ║ Admin Dashboard ΓÇ║ shows stat card: today check-ins (1.7s)
  Γ£ô  21 [admin-auth] ΓÇ║ tests\e2e\admin-dashboard.spec.ts:34:7 ΓÇ║ Admin Dashboard ΓÇ║ shows today schedule section (1.4s)
  Γ£ô  22 [admin-auth] ΓÇ║ tests\e2e\admin-dashboard.spec.ts:38:7 ΓÇ║ Admin Dashboard ΓÇ║ has link to changelog (2.0s)
  Γ£ô  25 [admin-auth] ΓÇ║ tests\e2e\admin-detail.spec.ts:25:7 ΓÇ║ Admin Employee Profile & Detail ΓÇ║ employee list page loads (1.2s)
  Γ£ô  23 [admin-auth] ΓÇ║ tests\e2e\admin-detail.spec.ts:9:7 ΓÇ║ Admin Payroll Detail ΓÇ║ payroll list loads and shows employee rows (3.5s)
  Γ£ô  24 [admin-auth] ΓÇ║ tests\e2e\admin-detail.spec.ts:16:7 ΓÇ║ Admin Payroll Detail ΓÇ║ payroll page has month selector or table (3.4s)
  Γ£ô  26 [admin-auth] ΓÇ║ tests\e2e\admin-detail.spec.ts:36:7 ΓÇ║ Admin Employee Profile & Detail ΓÇ║ clicking first employee navigates to profile detail (3.9s)
  Γ£ô  27 [admin-auth] ΓÇ║ tests\e2e\admin-detail.spec.ts:63:7 ΓÇ║ Admin Employee Profile & Detail ΓÇ║ employee profile shows key sections (3.6s)
  Γ£ô  28 [admin-auth] ΓÇ║ tests\e2e\admin-detail.spec.ts:82:7 ΓÇ║ Admin Tasks / WFH Management ΓÇ║ loads Task Management page with heading (3.3s)
  Γ£ô  29 [admin-auth] ΓÇ║ tests\e2e\admin-detail.spec.ts:88:7 ΓÇ║ Admin Tasks / WFH Management ΓÇ║ shows 3 tabs: Review, Definitions, Items (1.8s)
  Γ£ô  30 [admin-auth] ΓÇ║ tests\e2e\admin-detail.spec.ts:96:7 ΓÇ║ Admin Tasks / WFH Management ΓÇ║ Task Definitions tab loads without crash (2.1s)
  Γ£ô  31 [admin-auth] ΓÇ║ tests\e2e\admin-detail.spec.ts:108:7 ΓÇ║ Admin Tasks / WFH Management ΓÇ║ Task Items (Marketplace) tab loads without crash (2.5s)
  Γ£ô  32 [admin-auth] ΓÇ║ tests\e2e\admin-detail.spec.ts:122:7 ΓÇ║ Admin Help ΓÇ║ loads help page without crash (3.1s)
No payroll user links found ΓÇö skipping direct payroll detail test
  Γ£ô  33 [admin-auth] ΓÇ║ tests\e2e\admin-detail.spec.ts:131:7 ΓÇ║ Admin Payroll ΓÇö Per-User Detail Page ΓÇ║ navigate to employee payroll detail from payroll list (3.6s)
  Γ£ô  36 [admin-auth] ΓÇ║ tests\e2e\admin-pages.spec.ts:17:7 ΓÇ║ Admin Employees ΓÇ║ loads employee list page (763ms)
  Γ£ô  34 [admin-auth] ΓÇ║ tests\e2e\admin-detail.spec.ts:152:7 ΓÇ║ Admin Payroll ΓÇö Per-User Detail Page ΓÇ║ payroll detail page shows month selector (3.3s)
  Γ£ô  35 [admin-auth] ΓÇ║ tests\e2e\admin-detail.spec.ts:170:7 ΓÇ║ Admin Employee Profile ΓÇö Manual Check-in Form ΓÇ║ employee profile shows Manual Check-in form (read-only verification) (2.5s)
  Γ£ô  38 [admin-auth] ΓÇ║ tests\e2e\admin-pages.spec.ts:33:7 ΓÇ║ Admin Employees ΓÇ║ employee list renders without crashing (1.2s)
  Γ£ô  37 [admin-auth] ΓÇ║ tests\e2e\admin-pages.spec.ts:25:7 ΓÇ║ Admin Employees ΓÇ║ shows page heading for employees (1.7s)
[2m[WebServer] [22mYour app (or one of its dependencies) is using an outdated JSX transform. Update to the modern 
JSX transform for faster performance: https://react.dev/link/new-jsx-transform
  Γ£ô  41 [admin-auth] ΓÇ║ tests\e2e\admin-pages.spec.ts:55:7 ΓÇ║ Admin Schedule ΓÇ║ loads schedule page (982ms)
  Γ£ô  39 [admin-auth] ΓÇ║ tests\e2e\admin-pages.spec.ts:41:7 ΓÇ║ Admin Payroll ΓÇ║ loads payroll page (2.9s)
  Γ£ô  42 [admin-auth] ΓÇ║ tests\e2e\admin-pages.spec.ts:63:7 ΓÇ║ Admin Settings ΓÇ║ loads settings page with tabs (1.2s)
  Γ£ô  40 [admin-auth] ΓÇ║ tests\e2e\admin-pages.spec.ts:47:7 ΓÇ║ Admin Payroll ΓÇ║ payroll page renders without crashing (3.3s)
[2m[WebServer] [22mNextAuth Warning: DEBUG_ENABLED
  Γ£ô  43 [admin-auth] ΓÇ║ tests\e2e\admin-pages.spec.ts:70:7 ΓÇ║ Admin Settings ΓÇ║ shows tabs: Truy cß║¡p & Bß║úo mß║¡t, Ng├áy Lß╗à & L╞░╞íng, Sao l╞░u (926ms)
  Γ£ô  46 [admin-auth] ΓÇ║ tests\e2e\admin-pages.spec.ts:109:7 ΓÇ║ Admin Lucky Wheel ΓÇ║ loads lucky wheel management page (1.3s)
  Γ£ô  44 [admin-auth] ΓÇ║ tests\e2e\admin-pages.spec.ts:85:7 ΓÇ║ Admin Settings ΓÇ║ Access tab shows IP management section (2.1s)
  Γ£ô  48 [admin-auth] ΓÇ║ tests\e2e\admin-requests.spec.ts:12:7 ΓÇ║ Admin Requests (Approve / Reject) ΓÇ║ renders request list (1.1s)
  Γ£ô  47 [admin-auth] ΓÇ║ tests\e2e\admin-pages.spec.ts:117:7 ΓÇ║ Admin Changelog ΓÇ║ loads changelog page (1.3s)
  Γ£ô  45 [admin-auth] ΓÇ║ tests\e2e\admin-pages.spec.ts:100:7 ΓÇ║ Admin Reports ΓÇ║ loads reports page without crash (2.9s)
  Γ£ô  51 [admin-auth] ΓÇ║ tests\e2e\admin-requests.spec.ts:50:7 ΓÇ║ Admin Requests ΓÇö layout ΓÇ║ page title is correct (639ms)
  Γ£ô  49 [admin-auth] ΓÇ║ tests\e2e\admin-requests.spec.ts:16:7 ΓÇ║ Admin Requests (Approve / Reject) ΓÇ║ shows the seeded [E2E] test leave request as PENDING (1.1s)
  Γ£ô  50 [admin-auth] ΓÇ║ tests\e2e\admin-requests.spec.ts:28:7 ΓÇ║ Admin Requests (Approve / Reject) ΓÇ║ APPROVE: approves the [E2E] test request (1.3s)
  Γ£ô  52 [staff-auth] ΓÇ║ tests\e2e\staff-flows.spec.ts:19:7 ΓÇ║ Staff ΓÇö Home Page (Check-in Dashboard) ΓÇ║ home page loads and does NOT redirect to login (2.6s)
  Γ£ô  53 [staff-auth] ΓÇ║ tests\e2e\staff-flows.spec.ts:24:7 ΓÇ║ Staff ΓÇö Home Page (Check-in Dashboard) ΓÇ║ shows staff name or greeting (2.5s)
  Γ£ô  54 [staff-auth] ΓÇ║ tests\e2e\staff-flows.spec.ts:29:7 ΓÇ║ Staff ΓÇö Home Page (Check-in Dashboard) ΓÇ║ shows check-in / check-out button area (2.2s)
  Γ£ô  57 [staff-auth] ΓÇ║ tests\e2e\staff-flows.spec.ts:54:7 ΓÇ║ Staff ΓÇö Requests Page ΓÇ║ loads requests page when authenticated (1.2s)
  Γ£ô  56 [staff-auth] ΓÇ║ tests\e2e\staff-flows.spec.ts:43:7 ΓÇ║ Staff ΓÇö History Page ΓÇ║ history page shows attendance records or calendar (1.5s)
  Γ£ô  55 [staff-auth] ΓÇ║ tests\e2e\staff-flows.spec.ts:36:7 ΓÇ║ Staff ΓÇö History Page ΓÇ║ loads history page when authenticated (1.5s)
  Γ£ô  59 [staff-auth] ΓÇ║ tests\e2e\staff-flows.spec.ts:74:7 ΓÇ║ Staff ΓÇö Requests Page ΓÇ║ CREATE: submit a new leave request (1.1s)
  Γ£ô  58 [staff-auth] ΓÇ║ tests\e2e\staff-flows.spec.ts:61:7 ΓÇ║ Staff ΓÇö Requests Page ΓÇ║ shows request list (may be empty for new test user) (1.5s)
  Γ£ô  60 [staff-auth] ΓÇ║ tests\e2e\staff-flows.spec.ts:99:7 ΓÇ║ Staff ΓÇö WFH Tasks Page ΓÇ║ loads /tasks page when authenticated (2.0s)
  Γ£ô  61 [staff-auth] ΓÇ║ tests\e2e\staff-flows.spec.ts:106:7 ΓÇ║ Staff ΓÇö WFH Tasks Page ΓÇ║ tasks page shows available tasks or empty state (1.1s)
  Γ£ô  62 [staff-auth] ΓÇ║ tests\e2e\staff-flows.spec.ts:114:7 ΓÇ║ Staff ΓÇö Lucky Wheel ΓÇ║ loads lucky wheel page when authenticated (1.5s)
  Γ£ô  63 [staff-auth] ΓÇ║ tests\e2e\staff-flows.spec.ts:121:7 ΓÇ║ Staff ΓÇö Lucky Wheel ΓÇ║ shows 'V├ÆNG QUAY NH├éN PHß║¿M' heading (952ms)
  Γ£ÿ  64 [staff-auth] ΓÇ║ tests\e2e\staff-flows.spec.ts:127:7 ΓÇ║ Staff ΓÇö Lucky Wheel ΓÇ║ shows spin wheel or 'not enough prizes' message (1.0s)
  Γ£ô  66 [staff-auth] ΓÇ║ tests\e2e\staff-flows.spec.ts:148:7 ΓÇ║ Staff ΓÇö Rewards / Policy Page ΓÇ║ shows 'Bß║úng V├áng Th├ánh T├¡ch' heading (1.4s)
  Γ£ô  65 [staff-auth] ΓÇ║ tests\e2e\staff-flows.spec.ts:138:7 ΓÇ║ Staff ΓÇö Rewards / Policy Page ΓÇ║ loads /rewards without login redirect (public policy page) (2.1s)
  Γ£ô  68 [staff-auth] ΓÇ║ tests\e2e\staff-flows.spec.ts:160:7 ΓÇ║ Staff ΓÇö Rewards / Policy Page ΓÇ║ shows Vua ─É├│ng H├áng section (1.2s)
  Γ£ô  67 [staff-auth] ΓÇ║ tests\e2e\staff-flows.spec.ts:155:7 ΓÇ║ Staff ΓÇö Rewards / Policy Page ΓÇ║ shows Top Ch─âm Chß╗ë section (1.2s)
  Γ£ô  71 [staff-auth] ΓÇ║ tests\e2e\staff-flows.spec.ts:184:7 ΓÇ║ Staff ΓÇö Payroll Detail ΓÇ║ shows 'Chi tiß║┐t l╞░╞íng' heading (1.6s)
  Γ£ô  70 [staff-auth] ΓÇ║ tests\e2e\staff-flows.spec.ts:179:7 ΓÇ║ Staff ΓÇö Payroll Detail ΓÇ║ loads payroll page and does not redirect to login (1.7s)
  Γ£ô  73 [staff-auth] ΓÇ║ tests\e2e\staff-flows.spec.ts:194:7 ΓÇ║ Staff ΓÇö Payroll Detail ΓÇ║ shows user name from session (1.2s)
  Γ£ô  72 [staff-auth] ΓÇ║ tests\e2e\staff-flows.spec.ts:190:7 ΓÇ║ Staff ΓÇö Payroll Detail ΓÇ║ shows month selector (Kß╗│ l╞░╞íng) (1.4s)
  Γ£ô  69 [staff-auth] ΓÇ║ tests\e2e\staff-flows.spec.ts:165:7 ΓÇ║ Staff ΓÇö Rewards / Policy Page ΓÇ║ back to home link works (4.4s)
  Γ£ô  74 [staff-auth] ΓÇ║ tests\e2e\staff-flows.spec.ts:199:7 ΓÇ║ Staff ΓÇö Payroll Detail ΓÇ║ shows salary breakdown section (1.2s)
[dotenv@17.3.1] injecting env (0) from .env -- tip: ≡ƒöÉ prevent building .env in docker: https://dotenvx.com/prebuild
[E2E Teardown] Cleaning up E2E test data...
[E2E Teardown] Γ£à All E2E data cleaned.


  1) [staff-auth] ΓÇ║ tests\e2e\staff-flows.spec.ts:127:7 ΓÇ║ Staff ΓÇö Lucky Wheel ΓÇ║ shows spin wheel or 'not enough prizes' message 

    Error: [2mexpect([22m[31mreceived[39m[2m).[22mtoBeTruthy[2m()[22m

    Received: [31mfalse[39m

      131 |     const hasWheel = await page.locator("canvas, [class*='wheel']").isVisible({ timeout: 2000 }).catch(() => false);
      132 |     const hasFallback = await page.locator("body").textContent().then(t => t?.includes("Hiß╗çn ch╞░a c├│ ─æß╗º giß║úi th╞░ß╗ƒng"));
    > 133 |     expect(hasWheel || hasFallback).toBeTruthy();
          |                                     ^
      134 |   });
      135 | });
      136 |
        at D:\checkin-app\tests\e2e\staff-flows.spec.ts:133:37

    attachment #1: screenshot (image/png) ΓöÇΓöÇΓöÇΓöÇΓöÇΓöÇΓöÇΓöÇΓöÇΓöÇΓöÇΓöÇΓöÇΓöÇΓöÇΓöÇΓöÇΓöÇΓöÇΓöÇΓöÇΓöÇΓöÇΓöÇΓöÇΓöÇΓöÇΓöÇΓöÇΓöÇΓöÇΓöÇΓöÇΓöÇΓöÇΓöÇΓöÇΓöÇΓöÇΓöÇΓöÇΓöÇΓöÇΓöÇΓöÇΓöÇΓöÇΓöÇΓöÇΓöÇΓöÇΓöÇΓöÇΓöÇΓöÇΓöÇΓöÇΓöÇ
    test-results\staff-flows-Staff-ΓÇö-Lucky--a7546-r-not-enough-prizes-message-staff-auth\test-failed-1.png
    ΓöÇΓöÇΓöÇΓöÇΓöÇΓöÇΓöÇΓöÇΓöÇΓöÇΓöÇΓöÇΓöÇΓöÇΓöÇΓöÇΓöÇΓöÇΓöÇΓöÇΓöÇΓöÇΓöÇΓöÇΓöÇΓöÇΓöÇΓöÇΓöÇΓöÇΓöÇΓöÇΓöÇΓöÇΓöÇΓöÇΓöÇΓöÇΓöÇΓöÇΓöÇΓöÇΓöÇΓöÇΓöÇΓöÇΓöÇΓöÇΓöÇΓöÇΓöÇΓöÇΓöÇΓöÇΓöÇΓöÇΓöÇΓöÇΓöÇΓöÇΓöÇΓöÇΓöÇΓöÇΓöÇΓöÇΓöÇΓöÇΓöÇΓöÇΓöÇΓöÇΓöÇΓöÇΓöÇΓöÇΓöÇΓöÇΓöÇΓöÇΓöÇΓöÇΓöÇΓöÇΓöÇΓöÇΓöÇΓöÇΓöÇΓöÇΓöÇΓöÇΓöÇΓöÇΓöÇΓöÇ

    attachment #2: video (video/webm) ΓöÇΓöÇΓöÇΓöÇΓöÇΓöÇΓöÇΓöÇΓöÇΓöÇΓöÇΓöÇΓöÇΓöÇΓöÇΓöÇΓöÇΓöÇΓöÇΓöÇΓöÇΓöÇΓöÇΓöÇΓöÇΓöÇΓöÇΓöÇΓöÇΓöÇΓöÇΓöÇΓöÇΓöÇΓöÇΓöÇΓöÇΓöÇΓöÇΓöÇΓöÇΓöÇΓöÇΓöÇΓöÇΓöÇΓöÇΓöÇΓöÇΓöÇΓöÇΓöÇΓöÇΓöÇΓöÇΓöÇΓöÇΓöÇΓöÇΓöÇΓöÇΓöÇ
    test-results\staff-flows-Staff-ΓÇö-Lucky--a7546-r-not-enough-prizes-message-staff-auth\video.webm
    ΓöÇΓöÇΓöÇΓöÇΓöÇΓöÇΓöÇΓöÇΓöÇΓöÇΓöÇΓöÇΓöÇΓöÇΓöÇΓöÇΓöÇΓöÇΓöÇΓöÇΓöÇΓöÇΓöÇΓöÇΓöÇΓöÇΓöÇΓöÇΓöÇΓöÇΓöÇΓöÇΓöÇΓöÇΓöÇΓöÇΓöÇΓöÇΓöÇΓöÇΓöÇΓöÇΓöÇΓöÇΓöÇΓöÇΓöÇΓöÇΓöÇΓöÇΓöÇΓöÇΓöÇΓöÇΓöÇΓöÇΓöÇΓöÇΓöÇΓöÇΓöÇΓöÇΓöÇΓöÇΓöÇΓöÇΓöÇΓöÇΓöÇΓöÇΓöÇΓöÇΓöÇΓöÇΓöÇΓöÇΓöÇΓöÇΓöÇΓöÇΓöÇΓöÇΓöÇΓöÇΓöÇΓöÇΓöÇΓöÇΓöÇΓöÇΓöÇΓöÇΓöÇΓöÇΓöÇΓöÇ

    Error Context: test-results\staff-flows-Staff-ΓÇö-Lucky--a7546-r-not-enough-prizes-message-staff-auth\error-context.md

    attachment #4: trace (application/zip) ΓöÇΓöÇΓöÇΓöÇΓöÇΓöÇΓöÇΓöÇΓöÇΓöÇΓöÇΓöÇΓöÇΓöÇΓöÇΓöÇΓöÇΓöÇΓöÇΓöÇΓöÇΓöÇΓöÇΓöÇΓöÇΓöÇΓöÇΓöÇΓöÇΓöÇΓöÇΓöÇΓöÇΓöÇΓöÇΓöÇΓöÇΓöÇΓöÇΓöÇΓöÇΓöÇΓöÇΓöÇΓöÇΓöÇΓöÇΓöÇΓöÇΓöÇΓöÇΓöÇΓöÇΓöÇΓöÇΓöÇΓöÇ
    test-results\staff-flows-Staff-ΓÇö-Lucky--a7546-r-not-enough-prizes-message-staff-auth\trace.zip
    Usage:

        npx playwright show-trace test-results\staff-flows-Staff-ΓÇö-Lucky--a7546-r-not-enough-prizes-message-staff-auth\trace.zip

    ΓöÇΓöÇΓöÇΓöÇΓöÇΓöÇΓöÇΓöÇΓöÇΓöÇΓöÇΓöÇΓöÇΓöÇΓöÇΓöÇΓöÇΓöÇΓöÇΓöÇΓöÇΓöÇΓöÇΓöÇΓöÇΓöÇΓöÇΓöÇΓöÇΓöÇΓöÇΓöÇΓöÇΓöÇΓöÇΓöÇΓöÇΓöÇΓöÇΓöÇΓöÇΓöÇΓöÇΓöÇΓöÇΓöÇΓöÇΓöÇΓöÇΓöÇΓöÇΓöÇΓöÇΓöÇΓöÇΓöÇΓöÇΓöÇΓöÇΓöÇΓöÇΓöÇΓöÇΓöÇΓöÇΓöÇΓöÇΓöÇΓöÇΓöÇΓöÇΓöÇΓöÇΓöÇΓöÇΓöÇΓöÇΓöÇΓöÇΓöÇΓöÇΓöÇΓöÇΓöÇΓöÇΓöÇΓöÇΓöÇΓöÇΓöÇΓöÇΓöÇΓöÇΓöÇΓöÇΓöÇ

  1 failed
    [staff-auth] ΓÇ║ tests\e2e\staff-flows.spec.ts:127:7 ΓÇ║ Staff ΓÇö Lucky Wheel ΓÇ║ shows spin wheel or 'not enough prizes' message 
  73 passed (55.2s)
